ARM GAS  C:\Users\kopusov.FT\AppData\Local\Temp\cchAiyoo.s 			page 1


   1              		.syntax unified
   2              		.cpu cortex-m3
   3              		.fpu softvfp
   4              		.eabi_attribute 20, 1
   5              		.eabi_attribute 21, 1
   6              		.eabi_attribute 23, 3
   7              		.eabi_attribute 24, 1
   8              		.eabi_attribute 25, 1
   9              		.eabi_attribute 26, 1
  10              		.eabi_attribute 30, 1
  11              		.eabi_attribute 34, 1
  12              		.eabi_attribute 18, 4
  13              		.thumb
  14              		.file	"VDAC8_1.c"
  15              		.text
  16              	.Ltext0:
  17              		.cfi_sections	.debug_frame
  18              		.section	.text.VDAC8_1_Enable,"ax",%progbits
  19              		.align	2
  20              		.global	VDAC8_1_Enable
  21              		.thumb
  22              		.thumb_func
  23              		.type	VDAC8_1_Enable, %function
  24              	VDAC8_1_Enable:
  25              	.LFB1:
  26              		.file 1 "Generated_Source\\PSoC5\\VDAC8_1.c"
   1:Generated_Source\PSoC5/VDAC8_1.c **** /*******************************************************************************
   2:Generated_Source\PSoC5/VDAC8_1.c **** * File Name: VDAC8_1.c  
   3:Generated_Source\PSoC5/VDAC8_1.c **** * Version 1.90
   4:Generated_Source\PSoC5/VDAC8_1.c **** *
   5:Generated_Source\PSoC5/VDAC8_1.c **** * Description:
   6:Generated_Source\PSoC5/VDAC8_1.c **** *  This file provides the source code to the API for the 8-bit Voltage DAC 
   7:Generated_Source\PSoC5/VDAC8_1.c **** *  (VDAC8) User Module.
   8:Generated_Source\PSoC5/VDAC8_1.c **** *
   9:Generated_Source\PSoC5/VDAC8_1.c **** * Note:
  10:Generated_Source\PSoC5/VDAC8_1.c **** *  Any unusual or non-standard behavior should be noted here. Other-
  11:Generated_Source\PSoC5/VDAC8_1.c **** *  wise, this section should remain blank.
  12:Generated_Source\PSoC5/VDAC8_1.c **** *
  13:Generated_Source\PSoC5/VDAC8_1.c **** ********************************************************************************
  14:Generated_Source\PSoC5/VDAC8_1.c **** * Copyright 2008-2012, Cypress Semiconductor Corporation.  All rights reserved.
  15:Generated_Source\PSoC5/VDAC8_1.c **** * You may use this file only in accordance with the license, terms, conditions, 
  16:Generated_Source\PSoC5/VDAC8_1.c **** * disclaimers, and limitations in the end user license agreement accompanying 
  17:Generated_Source\PSoC5/VDAC8_1.c **** * the software package with which this file was provided.
  18:Generated_Source\PSoC5/VDAC8_1.c **** *******************************************************************************/
  19:Generated_Source\PSoC5/VDAC8_1.c **** 
  20:Generated_Source\PSoC5/VDAC8_1.c **** #include "cytypes.h"
  21:Generated_Source\PSoC5/VDAC8_1.c **** #include "VDAC8_1.h"
  22:Generated_Source\PSoC5/VDAC8_1.c **** 
  23:Generated_Source\PSoC5/VDAC8_1.c **** #if (CY_PSOC5A)
  24:Generated_Source\PSoC5/VDAC8_1.c **** #include <CyLib.h>
  25:Generated_Source\PSoC5/VDAC8_1.c **** #endif /* CY_PSOC5A */
  26:Generated_Source\PSoC5/VDAC8_1.c **** 
  27:Generated_Source\PSoC5/VDAC8_1.c **** uint8 VDAC8_1_initVar = 0u;
  28:Generated_Source\PSoC5/VDAC8_1.c **** 
  29:Generated_Source\PSoC5/VDAC8_1.c **** #if (CY_PSOC5A)
  30:Generated_Source\PSoC5/VDAC8_1.c ****     static uint8 VDAC8_1_restoreVal = 0u;
  31:Generated_Source\PSoC5/VDAC8_1.c **** #endif /* CY_PSOC5A */
ARM GAS  C:\Users\kopusov.FT\AppData\Local\Temp\cchAiyoo.s 			page 2


  32:Generated_Source\PSoC5/VDAC8_1.c **** 
  33:Generated_Source\PSoC5/VDAC8_1.c **** #if (CY_PSOC5A)
  34:Generated_Source\PSoC5/VDAC8_1.c ****     static VDAC8_1_backupStruct VDAC8_1_backup;
  35:Generated_Source\PSoC5/VDAC8_1.c **** #endif /* CY_PSOC5A */
  36:Generated_Source\PSoC5/VDAC8_1.c **** 
  37:Generated_Source\PSoC5/VDAC8_1.c **** 
  38:Generated_Source\PSoC5/VDAC8_1.c **** /*******************************************************************************
  39:Generated_Source\PSoC5/VDAC8_1.c **** * Function Name: VDAC8_1_Init
  40:Generated_Source\PSoC5/VDAC8_1.c **** ********************************************************************************
  41:Generated_Source\PSoC5/VDAC8_1.c **** * Summary:
  42:Generated_Source\PSoC5/VDAC8_1.c **** *  Initialize to the schematic state.
  43:Generated_Source\PSoC5/VDAC8_1.c **** * 
  44:Generated_Source\PSoC5/VDAC8_1.c **** * Parameters:
  45:Generated_Source\PSoC5/VDAC8_1.c **** *  void:
  46:Generated_Source\PSoC5/VDAC8_1.c **** *
  47:Generated_Source\PSoC5/VDAC8_1.c **** * Return:
  48:Generated_Source\PSoC5/VDAC8_1.c **** *  void
  49:Generated_Source\PSoC5/VDAC8_1.c **** *
  50:Generated_Source\PSoC5/VDAC8_1.c **** * Theory:
  51:Generated_Source\PSoC5/VDAC8_1.c **** *
  52:Generated_Source\PSoC5/VDAC8_1.c **** * Side Effects:
  53:Generated_Source\PSoC5/VDAC8_1.c **** *
  54:Generated_Source\PSoC5/VDAC8_1.c **** *******************************************************************************/
  55:Generated_Source\PSoC5/VDAC8_1.c **** void VDAC8_1_Init(void) 
  56:Generated_Source\PSoC5/VDAC8_1.c **** {
  57:Generated_Source\PSoC5/VDAC8_1.c ****     VDAC8_1_CR0 = (VDAC8_1_MODE_V );
  58:Generated_Source\PSoC5/VDAC8_1.c **** 
  59:Generated_Source\PSoC5/VDAC8_1.c ****     /* Set default data source */
  60:Generated_Source\PSoC5/VDAC8_1.c ****     #if(VDAC8_1_DEFAULT_DATA_SRC != 0 )
  61:Generated_Source\PSoC5/VDAC8_1.c ****         VDAC8_1_CR1 = (VDAC8_1_DEFAULT_CNTL | VDAC8_1_DACBUS_ENABLE) ;
  62:Generated_Source\PSoC5/VDAC8_1.c ****     #else
  63:Generated_Source\PSoC5/VDAC8_1.c ****         VDAC8_1_CR1 = (VDAC8_1_DEFAULT_CNTL | VDAC8_1_DACBUS_DISABLE) ;
  64:Generated_Source\PSoC5/VDAC8_1.c ****     #endif /* (VDAC8_1_DEFAULT_DATA_SRC != 0 ) */
  65:Generated_Source\PSoC5/VDAC8_1.c **** 
  66:Generated_Source\PSoC5/VDAC8_1.c ****     /* Set default strobe mode */
  67:Generated_Source\PSoC5/VDAC8_1.c ****     #if(VDAC8_1_DEFAULT_STRB != 0)
  68:Generated_Source\PSoC5/VDAC8_1.c ****         VDAC8_1_Strobe |= VDAC8_1_STRB_EN ;
  69:Generated_Source\PSoC5/VDAC8_1.c ****     #endif/* (VDAC8_1_DEFAULT_STRB != 0) */
  70:Generated_Source\PSoC5/VDAC8_1.c **** 
  71:Generated_Source\PSoC5/VDAC8_1.c ****     /* Set default range */
  72:Generated_Source\PSoC5/VDAC8_1.c ****     VDAC8_1_SetRange(VDAC8_1_DEFAULT_RANGE); 
  73:Generated_Source\PSoC5/VDAC8_1.c **** 
  74:Generated_Source\PSoC5/VDAC8_1.c ****     /* Set default speed */
  75:Generated_Source\PSoC5/VDAC8_1.c ****     VDAC8_1_SetSpeed(VDAC8_1_DEFAULT_SPEED);
  76:Generated_Source\PSoC5/VDAC8_1.c **** }
  77:Generated_Source\PSoC5/VDAC8_1.c **** 
  78:Generated_Source\PSoC5/VDAC8_1.c **** 
  79:Generated_Source\PSoC5/VDAC8_1.c **** /*******************************************************************************
  80:Generated_Source\PSoC5/VDAC8_1.c **** * Function Name: VDAC8_1_Enable
  81:Generated_Source\PSoC5/VDAC8_1.c **** ********************************************************************************
  82:Generated_Source\PSoC5/VDAC8_1.c **** * Summary:
  83:Generated_Source\PSoC5/VDAC8_1.c **** *  Enable the VDAC8
  84:Generated_Source\PSoC5/VDAC8_1.c **** * 
  85:Generated_Source\PSoC5/VDAC8_1.c **** * Parameters:
  86:Generated_Source\PSoC5/VDAC8_1.c **** *  void
  87:Generated_Source\PSoC5/VDAC8_1.c **** *
  88:Generated_Source\PSoC5/VDAC8_1.c **** * Return:
ARM GAS  C:\Users\kopusov.FT\AppData\Local\Temp\cchAiyoo.s 			page 3


  89:Generated_Source\PSoC5/VDAC8_1.c **** *  void
  90:Generated_Source\PSoC5/VDAC8_1.c **** *
  91:Generated_Source\PSoC5/VDAC8_1.c **** * Theory:
  92:Generated_Source\PSoC5/VDAC8_1.c **** *
  93:Generated_Source\PSoC5/VDAC8_1.c **** * Side Effects:
  94:Generated_Source\PSoC5/VDAC8_1.c **** *
  95:Generated_Source\PSoC5/VDAC8_1.c **** *******************************************************************************/
  96:Generated_Source\PSoC5/VDAC8_1.c **** void VDAC8_1_Enable(void) 
  97:Generated_Source\PSoC5/VDAC8_1.c **** {
  27              		.loc 1 97 0
  28              		.cfi_startproc
  29              		@ args = 0, pretend = 0, frame = 0
  30              		@ frame_needed = 0, uses_anonymous_args = 0
  31              		@ link register save eliminated.
  98:Generated_Source\PSoC5/VDAC8_1.c ****     VDAC8_1_PWRMGR |= VDAC8_1_ACT_PWR_EN;
  32              		.loc 1 98 0
  33 0000 054A     		ldr	r2, .L2
  34 0002 1378     		ldrb	r3, [r2]	@ zero_extendqisi2
  35 0004 43F00403 		orr	r3, r3, #4
  36 0008 1370     		strb	r3, [r2]
  99:Generated_Source\PSoC5/VDAC8_1.c ****     VDAC8_1_STBY_PWRMGR |= VDAC8_1_STBY_PWR_EN;
  37              		.loc 1 99 0
  38 000a 1032     		adds	r2, r2, #16
  39 000c 1378     		ldrb	r3, [r2]	@ zero_extendqisi2
  40 000e 43F00403 		orr	r3, r3, #4
  41 0012 1370     		strb	r3, [r2]
  42 0014 7047     		bx	lr
  43              	.L3:
  44 0016 00BF     		.align	2
  45              	.L2:
  46 0018 A8430040 		.word	1073759144
  47              		.cfi_endproc
  48              	.LFE1:
  49              		.size	VDAC8_1_Enable, .-VDAC8_1_Enable
  50              		.section	.text.VDAC8_1_Stop,"ax",%progbits
  51              		.align	2
  52              		.global	VDAC8_1_Stop
  53              		.thumb
  54              		.thumb_func
  55              		.type	VDAC8_1_Stop, %function
  56              	VDAC8_1_Stop:
  57              	.LFB3:
 100:Generated_Source\PSoC5/VDAC8_1.c **** 
 101:Generated_Source\PSoC5/VDAC8_1.c ****     /*This is to restore the value of register CR0 ,
 102:Generated_Source\PSoC5/VDAC8_1.c ****     which is modified  in Stop API , this prevents misbehaviour of VDAC */
 103:Generated_Source\PSoC5/VDAC8_1.c ****     #if (CY_PSOC5A)
 104:Generated_Source\PSoC5/VDAC8_1.c ****         if(VDAC8_1_restoreVal == 1u) 
 105:Generated_Source\PSoC5/VDAC8_1.c ****         {
 106:Generated_Source\PSoC5/VDAC8_1.c ****              VDAC8_1_CR0 = VDAC8_1_backup.data_value;
 107:Generated_Source\PSoC5/VDAC8_1.c ****              VDAC8_1_restoreVal = 0u;
 108:Generated_Source\PSoC5/VDAC8_1.c ****         }
 109:Generated_Source\PSoC5/VDAC8_1.c ****     #endif /* CY_PSOC5A */
 110:Generated_Source\PSoC5/VDAC8_1.c **** }
 111:Generated_Source\PSoC5/VDAC8_1.c **** 
 112:Generated_Source\PSoC5/VDAC8_1.c **** 
 113:Generated_Source\PSoC5/VDAC8_1.c **** /*******************************************************************************
 114:Generated_Source\PSoC5/VDAC8_1.c **** * Function Name: VDAC8_1_Start
ARM GAS  C:\Users\kopusov.FT\AppData\Local\Temp\cchAiyoo.s 			page 4


 115:Generated_Source\PSoC5/VDAC8_1.c **** ********************************************************************************
 116:Generated_Source\PSoC5/VDAC8_1.c **** *
 117:Generated_Source\PSoC5/VDAC8_1.c **** * Summary:
 118:Generated_Source\PSoC5/VDAC8_1.c **** *  The start function initializes the voltage DAC with the default values, 
 119:Generated_Source\PSoC5/VDAC8_1.c **** *  and sets the power to the given level.  A power level of 0, is the same as
 120:Generated_Source\PSoC5/VDAC8_1.c **** *  executing the stop function.
 121:Generated_Source\PSoC5/VDAC8_1.c **** *
 122:Generated_Source\PSoC5/VDAC8_1.c **** * Parameters:
 123:Generated_Source\PSoC5/VDAC8_1.c **** *  Power: Sets power level between off (0) and (3) high power
 124:Generated_Source\PSoC5/VDAC8_1.c **** *
 125:Generated_Source\PSoC5/VDAC8_1.c **** * Return:
 126:Generated_Source\PSoC5/VDAC8_1.c **** *  void 
 127:Generated_Source\PSoC5/VDAC8_1.c **** *
 128:Generated_Source\PSoC5/VDAC8_1.c **** * Global variables:
 129:Generated_Source\PSoC5/VDAC8_1.c **** *  VDAC8_1_initVar: Is modified when this function is called for the 
 130:Generated_Source\PSoC5/VDAC8_1.c **** *  first time. Is used to ensure that initialization happens only once.
 131:Generated_Source\PSoC5/VDAC8_1.c **** *
 132:Generated_Source\PSoC5/VDAC8_1.c **** *******************************************************************************/
 133:Generated_Source\PSoC5/VDAC8_1.c **** void VDAC8_1_Start(void)  
 134:Generated_Source\PSoC5/VDAC8_1.c **** {
 135:Generated_Source\PSoC5/VDAC8_1.c ****     /* Hardware initiazation only needs to occure the first time */
 136:Generated_Source\PSoC5/VDAC8_1.c ****     if(VDAC8_1_initVar == 0u)
 137:Generated_Source\PSoC5/VDAC8_1.c ****     { 
 138:Generated_Source\PSoC5/VDAC8_1.c ****         VDAC8_1_Init();
 139:Generated_Source\PSoC5/VDAC8_1.c ****         VDAC8_1_initVar = 1u;
 140:Generated_Source\PSoC5/VDAC8_1.c ****     }
 141:Generated_Source\PSoC5/VDAC8_1.c **** 
 142:Generated_Source\PSoC5/VDAC8_1.c ****     /* Enable power to DAC */
 143:Generated_Source\PSoC5/VDAC8_1.c ****     VDAC8_1_Enable();
 144:Generated_Source\PSoC5/VDAC8_1.c **** 
 145:Generated_Source\PSoC5/VDAC8_1.c ****     /* Set default value */
 146:Generated_Source\PSoC5/VDAC8_1.c ****     VDAC8_1_SetValue(VDAC8_1_DEFAULT_DATA); 
 147:Generated_Source\PSoC5/VDAC8_1.c **** }
 148:Generated_Source\PSoC5/VDAC8_1.c **** 
 149:Generated_Source\PSoC5/VDAC8_1.c **** 
 150:Generated_Source\PSoC5/VDAC8_1.c **** /*******************************************************************************
 151:Generated_Source\PSoC5/VDAC8_1.c **** * Function Name: VDAC8_1_Stop
 152:Generated_Source\PSoC5/VDAC8_1.c **** ********************************************************************************
 153:Generated_Source\PSoC5/VDAC8_1.c **** *
 154:Generated_Source\PSoC5/VDAC8_1.c **** * Summary:
 155:Generated_Source\PSoC5/VDAC8_1.c **** *  Powers down DAC to lowest power state.
 156:Generated_Source\PSoC5/VDAC8_1.c **** *
 157:Generated_Source\PSoC5/VDAC8_1.c **** * Parameters:
 158:Generated_Source\PSoC5/VDAC8_1.c **** *  void
 159:Generated_Source\PSoC5/VDAC8_1.c **** *
 160:Generated_Source\PSoC5/VDAC8_1.c **** * Return:
 161:Generated_Source\PSoC5/VDAC8_1.c **** *  void
 162:Generated_Source\PSoC5/VDAC8_1.c **** *
 163:Generated_Source\PSoC5/VDAC8_1.c **** * Theory:
 164:Generated_Source\PSoC5/VDAC8_1.c **** *
 165:Generated_Source\PSoC5/VDAC8_1.c **** * Side Effects:
 166:Generated_Source\PSoC5/VDAC8_1.c **** *
 167:Generated_Source\PSoC5/VDAC8_1.c **** *******************************************************************************/
 168:Generated_Source\PSoC5/VDAC8_1.c **** void VDAC8_1_Stop(void) 
 169:Generated_Source\PSoC5/VDAC8_1.c **** {
  58              		.loc 1 169 0
  59              		.cfi_startproc
ARM GAS  C:\Users\kopusov.FT\AppData\Local\Temp\cchAiyoo.s 			page 5


  60              		@ args = 0, pretend = 0, frame = 0
  61              		@ frame_needed = 0, uses_anonymous_args = 0
  62              		@ link register save eliminated.
 170:Generated_Source\PSoC5/VDAC8_1.c ****     /* Disble power to DAC */
 171:Generated_Source\PSoC5/VDAC8_1.c ****     VDAC8_1_PWRMGR &= (uint8)(~VDAC8_1_ACT_PWR_EN);
  63              		.loc 1 171 0
  64 0000 054A     		ldr	r2, .L5
  65 0002 1378     		ldrb	r3, [r2]	@ zero_extendqisi2
  66 0004 03F0FB03 		and	r3, r3, #251
  67 0008 1370     		strb	r3, [r2]
 172:Generated_Source\PSoC5/VDAC8_1.c ****     VDAC8_1_STBY_PWRMGR &= (uint8)(~VDAC8_1_STBY_PWR_EN);
  68              		.loc 1 172 0
  69 000a 1032     		adds	r2, r2, #16
  70 000c 1378     		ldrb	r3, [r2]	@ zero_extendqisi2
  71 000e 03F0FB03 		and	r3, r3, #251
  72 0012 1370     		strb	r3, [r2]
  73 0014 7047     		bx	lr
  74              	.L6:
  75 0016 00BF     		.align	2
  76              	.L5:
  77 0018 A8430040 		.word	1073759144
  78              		.cfi_endproc
  79              	.LFE3:
  80              		.size	VDAC8_1_Stop, .-VDAC8_1_Stop
  81              		.section	.text.VDAC8_1_SetSpeed,"ax",%progbits
  82              		.align	2
  83              		.global	VDAC8_1_SetSpeed
  84              		.thumb
  85              		.thumb_func
  86              		.type	VDAC8_1_SetSpeed, %function
  87              	VDAC8_1_SetSpeed:
  88              	.LFB4:
 173:Generated_Source\PSoC5/VDAC8_1.c **** 
 174:Generated_Source\PSoC5/VDAC8_1.c ****     /* This is a work around for PSoC5A  ,
 175:Generated_Source\PSoC5/VDAC8_1.c ****     this sets VDAC to current mode with output off */
 176:Generated_Source\PSoC5/VDAC8_1.c ****     #if (CY_PSOC5A)
 177:Generated_Source\PSoC5/VDAC8_1.c ****         VDAC8_1_backup.data_value = VDAC8_1_CR0;
 178:Generated_Source\PSoC5/VDAC8_1.c ****         VDAC8_1_CR0 = VDAC8_1_CUR_MODE_OUT_OFF;
 179:Generated_Source\PSoC5/VDAC8_1.c ****         VDAC8_1_restoreVal = 1u;
 180:Generated_Source\PSoC5/VDAC8_1.c ****     #endif /* CY_PSOC5A */
 181:Generated_Source\PSoC5/VDAC8_1.c **** }
 182:Generated_Source\PSoC5/VDAC8_1.c **** 
 183:Generated_Source\PSoC5/VDAC8_1.c **** 
 184:Generated_Source\PSoC5/VDAC8_1.c **** /*******************************************************************************
 185:Generated_Source\PSoC5/VDAC8_1.c **** * Function Name: VDAC8_1_SetSpeed
 186:Generated_Source\PSoC5/VDAC8_1.c **** ********************************************************************************
 187:Generated_Source\PSoC5/VDAC8_1.c **** *
 188:Generated_Source\PSoC5/VDAC8_1.c **** * Summary:
 189:Generated_Source\PSoC5/VDAC8_1.c **** *  Set DAC speed
 190:Generated_Source\PSoC5/VDAC8_1.c **** *
 191:Generated_Source\PSoC5/VDAC8_1.c **** * Parameters:
 192:Generated_Source\PSoC5/VDAC8_1.c **** *  power: Sets speed value
 193:Generated_Source\PSoC5/VDAC8_1.c **** *
 194:Generated_Source\PSoC5/VDAC8_1.c **** * Return:
 195:Generated_Source\PSoC5/VDAC8_1.c **** *  void
 196:Generated_Source\PSoC5/VDAC8_1.c **** *
 197:Generated_Source\PSoC5/VDAC8_1.c **** * Theory:
ARM GAS  C:\Users\kopusov.FT\AppData\Local\Temp\cchAiyoo.s 			page 6


 198:Generated_Source\PSoC5/VDAC8_1.c **** *
 199:Generated_Source\PSoC5/VDAC8_1.c **** * Side Effects:
 200:Generated_Source\PSoC5/VDAC8_1.c **** *
 201:Generated_Source\PSoC5/VDAC8_1.c **** *******************************************************************************/
 202:Generated_Source\PSoC5/VDAC8_1.c **** void VDAC8_1_SetSpeed(uint8 speed) 
 203:Generated_Source\PSoC5/VDAC8_1.c **** {
  89              		.loc 1 203 0
  90              		.cfi_startproc
  91              		@ args = 0, pretend = 0, frame = 0
  92              		@ frame_needed = 0, uses_anonymous_args = 0
  93              		@ link register save eliminated.
  94              	.LVL0:
 204:Generated_Source\PSoC5/VDAC8_1.c ****     /* Clear power mask then write in new value */
 205:Generated_Source\PSoC5/VDAC8_1.c ****     VDAC8_1_CR0 &= (uint8)(~VDAC8_1_HS_MASK);
  95              		.loc 1 205 0
  96 0000 054B     		ldr	r3, .L8
  97 0002 1A78     		ldrb	r2, [r3]	@ zero_extendqisi2
  98 0004 02F0FD02 		and	r2, r2, #253
  99 0008 1A70     		strb	r2, [r3]
 206:Generated_Source\PSoC5/VDAC8_1.c ****     VDAC8_1_CR0 |=  (speed & VDAC8_1_HS_MASK);
 100              		.loc 1 206 0
 101 000a 1A78     		ldrb	r2, [r3]	@ zero_extendqisi2
 102 000c 00F00200 		and	r0, r0, #2
 103              	.LVL1:
 104 0010 1043     		orrs	r0, r0, r2
 105 0012 1870     		strb	r0, [r3]
 106 0014 7047     		bx	lr
 107              	.L9:
 108 0016 00BF     		.align	2
 109              	.L8:
 110 0018 28580040 		.word	1073764392
 111              		.cfi_endproc
 112              	.LFE4:
 113              		.size	VDAC8_1_SetSpeed, .-VDAC8_1_SetSpeed
 114              		.section	.text.VDAC8_1_SetValue,"ax",%progbits
 115              		.align	2
 116              		.global	VDAC8_1_SetValue
 117              		.thumb
 118              		.thumb_func
 119              		.type	VDAC8_1_SetValue, %function
 120              	VDAC8_1_SetValue:
 121              	.LFB6:
 207:Generated_Source\PSoC5/VDAC8_1.c **** }
 208:Generated_Source\PSoC5/VDAC8_1.c **** 
 209:Generated_Source\PSoC5/VDAC8_1.c **** 
 210:Generated_Source\PSoC5/VDAC8_1.c **** /*******************************************************************************
 211:Generated_Source\PSoC5/VDAC8_1.c **** * Function Name: VDAC8_1_SetRange
 212:Generated_Source\PSoC5/VDAC8_1.c **** ********************************************************************************
 213:Generated_Source\PSoC5/VDAC8_1.c **** *
 214:Generated_Source\PSoC5/VDAC8_1.c **** * Summary:
 215:Generated_Source\PSoC5/VDAC8_1.c **** *  Set one of three current ranges.
 216:Generated_Source\PSoC5/VDAC8_1.c **** *
 217:Generated_Source\PSoC5/VDAC8_1.c **** * Parameters:
 218:Generated_Source\PSoC5/VDAC8_1.c **** *  Range: Sets one of Three valid ranges.
 219:Generated_Source\PSoC5/VDAC8_1.c **** *
 220:Generated_Source\PSoC5/VDAC8_1.c **** * Return:
 221:Generated_Source\PSoC5/VDAC8_1.c **** *  void 
ARM GAS  C:\Users\kopusov.FT\AppData\Local\Temp\cchAiyoo.s 			page 7


 222:Generated_Source\PSoC5/VDAC8_1.c **** *
 223:Generated_Source\PSoC5/VDAC8_1.c **** * Theory:
 224:Generated_Source\PSoC5/VDAC8_1.c **** *
 225:Generated_Source\PSoC5/VDAC8_1.c **** * Side Effects:
 226:Generated_Source\PSoC5/VDAC8_1.c **** *
 227:Generated_Source\PSoC5/VDAC8_1.c **** *******************************************************************************/
 228:Generated_Source\PSoC5/VDAC8_1.c **** void VDAC8_1_SetRange(uint8 range) 
 229:Generated_Source\PSoC5/VDAC8_1.c **** {
 230:Generated_Source\PSoC5/VDAC8_1.c ****     VDAC8_1_CR0 &= (uint8)(~VDAC8_1_RANGE_MASK);      /* Clear existing mode */
 231:Generated_Source\PSoC5/VDAC8_1.c ****     VDAC8_1_CR0 |= (range & VDAC8_1_RANGE_MASK);      /*  Set Range  */
 232:Generated_Source\PSoC5/VDAC8_1.c ****     VDAC8_1_DacTrim();
 233:Generated_Source\PSoC5/VDAC8_1.c **** }
 234:Generated_Source\PSoC5/VDAC8_1.c **** 
 235:Generated_Source\PSoC5/VDAC8_1.c **** 
 236:Generated_Source\PSoC5/VDAC8_1.c **** /*******************************************************************************
 237:Generated_Source\PSoC5/VDAC8_1.c **** * Function Name: VDAC8_1_SetValue
 238:Generated_Source\PSoC5/VDAC8_1.c **** ********************************************************************************
 239:Generated_Source\PSoC5/VDAC8_1.c **** *
 240:Generated_Source\PSoC5/VDAC8_1.c **** * Summary:
 241:Generated_Source\PSoC5/VDAC8_1.c **** *  Set 8-bit DAC value
 242:Generated_Source\PSoC5/VDAC8_1.c **** *
 243:Generated_Source\PSoC5/VDAC8_1.c **** * Parameters:  
 244:Generated_Source\PSoC5/VDAC8_1.c **** *  value:  Sets DAC value between 0 and 255.
 245:Generated_Source\PSoC5/VDAC8_1.c **** *
 246:Generated_Source\PSoC5/VDAC8_1.c **** * Return: 
 247:Generated_Source\PSoC5/VDAC8_1.c **** *  void 
 248:Generated_Source\PSoC5/VDAC8_1.c **** *
 249:Generated_Source\PSoC5/VDAC8_1.c **** * Theory: 
 250:Generated_Source\PSoC5/VDAC8_1.c **** *
 251:Generated_Source\PSoC5/VDAC8_1.c **** * Side Effects:
 252:Generated_Source\PSoC5/VDAC8_1.c **** *
 253:Generated_Source\PSoC5/VDAC8_1.c **** *******************************************************************************/
 254:Generated_Source\PSoC5/VDAC8_1.c **** void VDAC8_1_SetValue(uint8 value) 
 255:Generated_Source\PSoC5/VDAC8_1.c **** {
 122              		.loc 1 255 0
 123              		.cfi_startproc
 124              		@ args = 0, pretend = 0, frame = 0
 125              		@ frame_needed = 0, uses_anonymous_args = 0
 126              		@ link register save eliminated.
 127              	.LVL2:
 256:Generated_Source\PSoC5/VDAC8_1.c ****     #if (CY_PSOC5A)
 257:Generated_Source\PSoC5/VDAC8_1.c ****         uint8 VDAC8_1_intrStatus = CyEnterCriticalSection();
 258:Generated_Source\PSoC5/VDAC8_1.c ****     #endif /* CY_PSOC5A */
 259:Generated_Source\PSoC5/VDAC8_1.c **** 
 260:Generated_Source\PSoC5/VDAC8_1.c ****     VDAC8_1_Data = value;                /*  Set Value  */
 128              		.loc 1 260 0
 129 0000 014B     		ldr	r3, .L11
 130 0002 1870     		strb	r0, [r3]
 131 0004 7047     		bx	lr
 132              	.L12:
 133 0006 00BF     		.align	2
 134              	.L11:
 135 0008 825B0040 		.word	1073765250
 136              		.cfi_endproc
 137              	.LFE6:
 138              		.size	VDAC8_1_SetValue, .-VDAC8_1_SetValue
 139              		.section	.text.VDAC8_1_DacTrim,"ax",%progbits
ARM GAS  C:\Users\kopusov.FT\AppData\Local\Temp\cchAiyoo.s 			page 8


 140              		.align	2
 141              		.global	VDAC8_1_DacTrim
 142              		.thumb
 143              		.thumb_func
 144              		.type	VDAC8_1_DacTrim, %function
 145              	VDAC8_1_DacTrim:
 146              	.LFB7:
 261:Generated_Source\PSoC5/VDAC8_1.c **** 
 262:Generated_Source\PSoC5/VDAC8_1.c ****     /* PSOC5A requires a double write */
 263:Generated_Source\PSoC5/VDAC8_1.c ****     /* Exit Critical Section */
 264:Generated_Source\PSoC5/VDAC8_1.c ****     #if (CY_PSOC5A)
 265:Generated_Source\PSoC5/VDAC8_1.c ****         VDAC8_1_Data = value;
 266:Generated_Source\PSoC5/VDAC8_1.c ****         CyExitCriticalSection(VDAC8_1_intrStatus);
 267:Generated_Source\PSoC5/VDAC8_1.c ****     #endif /* CY_PSOC5A */
 268:Generated_Source\PSoC5/VDAC8_1.c **** }
 269:Generated_Source\PSoC5/VDAC8_1.c **** 
 270:Generated_Source\PSoC5/VDAC8_1.c **** 
 271:Generated_Source\PSoC5/VDAC8_1.c **** /*******************************************************************************
 272:Generated_Source\PSoC5/VDAC8_1.c **** * Function Name: VDAC8_1_DacTrim
 273:Generated_Source\PSoC5/VDAC8_1.c **** ********************************************************************************
 274:Generated_Source\PSoC5/VDAC8_1.c **** *
 275:Generated_Source\PSoC5/VDAC8_1.c **** * Summary:
 276:Generated_Source\PSoC5/VDAC8_1.c **** *  Set the trim value for the given range.
 277:Generated_Source\PSoC5/VDAC8_1.c **** *
 278:Generated_Source\PSoC5/VDAC8_1.c **** * Parameters:
 279:Generated_Source\PSoC5/VDAC8_1.c **** *  range:  1V or 4V range.  See constants.
 280:Generated_Source\PSoC5/VDAC8_1.c **** *
 281:Generated_Source\PSoC5/VDAC8_1.c **** * Return:
 282:Generated_Source\PSoC5/VDAC8_1.c **** *  void
 283:Generated_Source\PSoC5/VDAC8_1.c **** *
 284:Generated_Source\PSoC5/VDAC8_1.c **** * Theory: 
 285:Generated_Source\PSoC5/VDAC8_1.c **** *
 286:Generated_Source\PSoC5/VDAC8_1.c **** * Side Effects:
 287:Generated_Source\PSoC5/VDAC8_1.c **** *
 288:Generated_Source\PSoC5/VDAC8_1.c **** *******************************************************************************/
 289:Generated_Source\PSoC5/VDAC8_1.c **** void VDAC8_1_DacTrim(void) 
 290:Generated_Source\PSoC5/VDAC8_1.c **** {
 147              		.loc 1 290 0
 148              		.cfi_startproc
 149              		@ args = 0, pretend = 0, frame = 0
 150              		@ frame_needed = 0, uses_anonymous_args = 0
 151              		@ link register save eliminated.
 291:Generated_Source\PSoC5/VDAC8_1.c ****     uint8 mode;
 292:Generated_Source\PSoC5/VDAC8_1.c **** 
 293:Generated_Source\PSoC5/VDAC8_1.c ****     mode = (uint8)((VDAC8_1_CR0 & VDAC8_1_RANGE_MASK) >> 2) + VDAC8_1_TRIM_M7_1V_RNG_OFFSET;
 152              		.loc 1 293 0
 153 0000 064B     		ldr	r3, .L14
 154 0002 1B78     		ldrb	r3, [r3]	@ zero_extendqisi2
 155 0004 C3F38103 		ubfx	r3, r3, #2, #2
 156              	.LVL3:
 294:Generated_Source\PSoC5/VDAC8_1.c ****     VDAC8_1_TR = CY_GET_XTND_REG8((uint8 *)(VDAC8_1_DAC_TRIM_BASE + mode));
 157              		.loc 1 294 0
 158 0008 03F19243 		add	r3, r3, #1224736768
 159              	.LVL4:
 160 000c 0633     		adds	r3, r3, #6
 161              	.LVL5:
 162 000e 93F82831 		ldrb	r3, [r3, #296]	@ zero_extendqisi2
ARM GAS  C:\Users\kopusov.FT\AppData\Local\Temp\cchAiyoo.s 			page 9


 163              	.LVL6:
 164 0012 DBB2     		uxtb	r3, r3
 165 0014 024A     		ldr	r2, .L14+4
 166 0016 1370     		strb	r3, [r2]
 167 0018 7047     		bx	lr
 168              	.L15:
 169 001a 00BF     		.align	2
 170              	.L14:
 171 001c 28580040 		.word	1073764392
 172 0020 0A460040 		.word	1073759754
 173              		.cfi_endproc
 174              	.LFE7:
 175              		.size	VDAC8_1_DacTrim, .-VDAC8_1_DacTrim
 176              		.section	.text.VDAC8_1_SetRange,"ax",%progbits
 177              		.align	2
 178              		.global	VDAC8_1_SetRange
 179              		.thumb
 180              		.thumb_func
 181              		.type	VDAC8_1_SetRange, %function
 182              	VDAC8_1_SetRange:
 183              	.LFB5:
 229:Generated_Source\PSoC5/VDAC8_1.c ****     VDAC8_1_CR0 &= (uint8)(~VDAC8_1_RANGE_MASK);      /* Clear existing mode */
 184              		.loc 1 229 0
 185              		.cfi_startproc
 186              		@ args = 0, pretend = 0, frame = 0
 187              		@ frame_needed = 0, uses_anonymous_args = 0
 188              	.LVL7:
 189 0000 08B5     		push	{r3, lr}
 190              		.cfi_def_cfa_offset 8
 191              		.cfi_offset 3, -8
 192              		.cfi_offset 14, -4
 230:Generated_Source\PSoC5/VDAC8_1.c ****     VDAC8_1_CR0 |= (range & VDAC8_1_RANGE_MASK);      /*  Set Range  */
 193              		.loc 1 230 0
 194 0002 064B     		ldr	r3, .L18
 195 0004 1A78     		ldrb	r2, [r3]	@ zero_extendqisi2
 196 0006 02F0F302 		and	r2, r2, #243
 197 000a 1A70     		strb	r2, [r3]
 231:Generated_Source\PSoC5/VDAC8_1.c ****     VDAC8_1_DacTrim();
 198              		.loc 1 231 0
 199 000c 1A78     		ldrb	r2, [r3]	@ zero_extendqisi2
 200 000e 00F00C00 		and	r0, r0, #12
 201              	.LVL8:
 202 0012 1043     		orrs	r0, r0, r2
 203 0014 1870     		strb	r0, [r3]
 232:Generated_Source\PSoC5/VDAC8_1.c **** }
 204              		.loc 1 232 0
 205 0016 FFF7FEFF 		bl	VDAC8_1_DacTrim
 206              	.LVL9:
 207 001a 08BD     		pop	{r3, pc}
 208              	.L19:
 209              		.align	2
 210              	.L18:
 211 001c 28580040 		.word	1073764392
 212              		.cfi_endproc
 213              	.LFE5:
 214              		.size	VDAC8_1_SetRange, .-VDAC8_1_SetRange
 215              		.section	.text.VDAC8_1_Init,"ax",%progbits
ARM GAS  C:\Users\kopusov.FT\AppData\Local\Temp\cchAiyoo.s 			page 10


 216              		.align	2
 217              		.global	VDAC8_1_Init
 218              		.thumb
 219              		.thumb_func
 220              		.type	VDAC8_1_Init, %function
 221              	VDAC8_1_Init:
 222              	.LFB0:
  56:Generated_Source\PSoC5/VDAC8_1.c ****     VDAC8_1_CR0 = (VDAC8_1_MODE_V );
 223              		.loc 1 56 0
 224              		.cfi_startproc
 225              		@ args = 0, pretend = 0, frame = 0
 226              		@ frame_needed = 0, uses_anonymous_args = 0
 227 0000 10B5     		push	{r4, lr}
 228              		.cfi_def_cfa_offset 8
 229              		.cfi_offset 4, -8
 230              		.cfi_offset 14, -4
  57:Generated_Source\PSoC5/VDAC8_1.c **** 
 231              		.loc 1 57 0
 232 0002 0024     		movs	r4, #0
 233 0004 054B     		ldr	r3, .L22
 234 0006 1C70     		strb	r4, [r3]
  63:Generated_Source\PSoC5/VDAC8_1.c ****     #endif /* (VDAC8_1_DEFAULT_DATA_SRC != 0 ) */
 235              		.loc 1 63 0
 236 0008 0133     		adds	r3, r3, #1
 237 000a 1C70     		strb	r4, [r3]
  72:Generated_Source\PSoC5/VDAC8_1.c **** 
 238              		.loc 1 72 0
 239 000c 0420     		movs	r0, #4
 240 000e FFF7FEFF 		bl	VDAC8_1_SetRange
 241              	.LVL10:
  75:Generated_Source\PSoC5/VDAC8_1.c **** }
 242              		.loc 1 75 0
 243 0012 2046     		mov	r0, r4
 244 0014 FFF7FEFF 		bl	VDAC8_1_SetSpeed
 245              	.LVL11:
 246 0018 10BD     		pop	{r4, pc}
 247              	.L23:
 248 001a 00BF     		.align	2
 249              	.L22:
 250 001c 28580040 		.word	1073764392
 251              		.cfi_endproc
 252              	.LFE0:
 253              		.size	VDAC8_1_Init, .-VDAC8_1_Init
 254              		.section	.text.VDAC8_1_Start,"ax",%progbits
 255              		.align	2
 256              		.global	VDAC8_1_Start
 257              		.thumb
 258              		.thumb_func
 259              		.type	VDAC8_1_Start, %function
 260              	VDAC8_1_Start:
 261              	.LFB2:
 134:Generated_Source\PSoC5/VDAC8_1.c ****     /* Hardware initiazation only needs to occure the first time */
 262              		.loc 1 134 0
 263              		.cfi_startproc
 264              		@ args = 0, pretend = 0, frame = 0
 265              		@ frame_needed = 0, uses_anonymous_args = 0
 266 0000 08B5     		push	{r3, lr}
ARM GAS  C:\Users\kopusov.FT\AppData\Local\Temp\cchAiyoo.s 			page 11


 267              		.cfi_def_cfa_offset 8
 268              		.cfi_offset 3, -8
 269              		.cfi_offset 14, -4
 136:Generated_Source\PSoC5/VDAC8_1.c ****     { 
 270              		.loc 1 136 0
 271 0002 074B     		ldr	r3, .L27
 272 0004 1B78     		ldrb	r3, [r3]	@ zero_extendqisi2
 273 0006 23B9     		cbnz	r3, .L25
 138:Generated_Source\PSoC5/VDAC8_1.c ****         VDAC8_1_initVar = 1u;
 274              		.loc 1 138 0
 275 0008 FFF7FEFF 		bl	VDAC8_1_Init
 276              	.LVL12:
 139:Generated_Source\PSoC5/VDAC8_1.c ****     }
 277              		.loc 1 139 0
 278 000c 0122     		movs	r2, #1
 279 000e 044B     		ldr	r3, .L27
 280 0010 1A70     		strb	r2, [r3]
 281              	.L25:
 143:Generated_Source\PSoC5/VDAC8_1.c **** 
 282              		.loc 1 143 0
 283 0012 FFF7FEFF 		bl	VDAC8_1_Enable
 284              	.LVL13:
 146:Generated_Source\PSoC5/VDAC8_1.c **** }
 285              		.loc 1 146 0
 286 0016 4B20     		movs	r0, #75
 287 0018 FFF7FEFF 		bl	VDAC8_1_SetValue
 288              	.LVL14:
 289 001c 08BD     		pop	{r3, pc}
 290              	.L28:
 291 001e 00BF     		.align	2
 292              	.L27:
 293 0020 00000000 		.word	.LANCHOR0
 294              		.cfi_endproc
 295              	.LFE2:
 296              		.size	VDAC8_1_Start, .-VDAC8_1_Start
 297              		.global	VDAC8_1_initVar
 298              		.bss
 299              		.set	.LANCHOR0,. + 0
 300              		.type	VDAC8_1_initVar, %object
 301              		.size	VDAC8_1_initVar, 1
 302              	VDAC8_1_initVar:
 303 0000 00       		.space	1
 304              		.text
 305              	.Letext0:
 306              		.file 2 "Generated_Source\\PSoC5\\cytypes.h"
 307              		.section	.debug_info,"",%progbits
 308              	.Ldebug_info0:
 309 0000 DB010000 		.4byte	0x1db
 310 0004 0400     		.2byte	0x4
 311 0006 00000000 		.4byte	.Ldebug_abbrev0
 312 000a 04       		.byte	0x4
 313 000b 01       		.uleb128 0x1
 314 000c 9C000000 		.4byte	.LASF25
 315 0010 01       		.byte	0x1
 316 0011 C4010000 		.4byte	.LASF26
 317 0015 F1010000 		.4byte	.LASF27
 318 0019 00000000 		.4byte	.Ldebug_ranges0+0
ARM GAS  C:\Users\kopusov.FT\AppData\Local\Temp\cchAiyoo.s 			page 12


 319 001d 00000000 		.4byte	0
 320 0021 00000000 		.4byte	.Ldebug_line0
 321 0025 02       		.uleb128 0x2
 322 0026 01       		.byte	0x1
 323 0027 06       		.byte	0x6
 324 0028 E5010000 		.4byte	.LASF0
 325 002c 02       		.uleb128 0x2
 326 002d 01       		.byte	0x1
 327 002e 08       		.byte	0x8
 328 002f 3A000000 		.4byte	.LASF1
 329 0033 02       		.uleb128 0x2
 330 0034 02       		.byte	0x2
 331 0035 05       		.byte	0x5
 332 0036 AB010000 		.4byte	.LASF2
 333 003a 02       		.uleb128 0x2
 334 003b 02       		.byte	0x2
 335 003c 07       		.byte	0x7
 336 003d 6E000000 		.4byte	.LASF3
 337 0041 02       		.uleb128 0x2
 338 0042 04       		.byte	0x4
 339 0043 05       		.byte	0x5
 340 0044 BB010000 		.4byte	.LASF4
 341 0048 02       		.uleb128 0x2
 342 0049 04       		.byte	0x4
 343 004a 07       		.byte	0x7
 344 004b 5C000000 		.4byte	.LASF5
 345 004f 02       		.uleb128 0x2
 346 0050 08       		.byte	0x8
 347 0051 05       		.byte	0x5
 348 0052 6A010000 		.4byte	.LASF6
 349 0056 02       		.uleb128 0x2
 350 0057 08       		.byte	0x8
 351 0058 07       		.byte	0x7
 352 0059 37010000 		.4byte	.LASF7
 353 005d 03       		.uleb128 0x3
 354 005e 04       		.byte	0x4
 355 005f 05       		.byte	0x5
 356 0060 696E7400 		.ascii	"int\000"
 357 0064 02       		.uleb128 0x2
 358 0065 04       		.byte	0x4
 359 0066 07       		.byte	0x7
 360 0067 2A010000 		.4byte	.LASF8
 361 006b 04       		.uleb128 0x4
 362 006c B5010000 		.4byte	.LASF12
 363 0070 02       		.byte	0x2
 364 0071 9201     		.2byte	0x192
 365 0073 2C000000 		.4byte	0x2c
 366 0077 02       		.uleb128 0x2
 367 0078 04       		.byte	0x4
 368 0079 04       		.byte	0x4
 369 007a 34000000 		.4byte	.LASF9
 370 007e 02       		.uleb128 0x2
 371 007f 08       		.byte	0x8
 372 0080 04       		.byte	0x4
 373 0081 95000000 		.4byte	.LASF10
 374 0085 02       		.uleb128 0x2
 375 0086 01       		.byte	0x1
ARM GAS  C:\Users\kopusov.FT\AppData\Local\Temp\cchAiyoo.s 			page 13


 376 0087 08       		.byte	0x8
 377 0088 85010000 		.4byte	.LASF11
 378 008c 04       		.uleb128 0x4
 379 008d 48000000 		.4byte	.LASF13
 380 0091 02       		.byte	0x2
 381 0092 3C02     		.2byte	0x23c
 382 0094 98000000 		.4byte	0x98
 383 0098 05       		.uleb128 0x5
 384 0099 6B000000 		.4byte	0x6b
 385 009d 06       		.uleb128 0x6
 386 009e 4D000000 		.4byte	.LASF14
 387 00a2 01       		.byte	0x1
 388 00a3 60       		.byte	0x60
 389 00a4 00000000 		.4byte	.LFB1
 390 00a8 1C000000 		.4byte	.LFE1-.LFB1
 391 00ac 01       		.uleb128 0x1
 392 00ad 9C       		.byte	0x9c
 393 00ae 06       		.uleb128 0x6
 394 00af 10000000 		.4byte	.LASF15
 395 00b3 01       		.byte	0x1
 396 00b4 A8       		.byte	0xa8
 397 00b5 00000000 		.4byte	.LFB3
 398 00b9 1C000000 		.4byte	.LFE3-.LFB3
 399 00bd 01       		.uleb128 0x1
 400 00be 9C       		.byte	0x9c
 401 00bf 07       		.uleb128 0x7
 402 00c0 23000000 		.4byte	.LASF16
 403 00c4 01       		.byte	0x1
 404 00c5 CA       		.byte	0xca
 405 00c6 00000000 		.4byte	.LFB4
 406 00ca 1C000000 		.4byte	.LFE4-.LFB4
 407 00ce 01       		.uleb128 0x1
 408 00cf 9C       		.byte	0x9c
 409 00d0 E4000000 		.4byte	0xe4
 410 00d4 08       		.uleb128 0x8
 411 00d5 64010000 		.4byte	.LASF18
 412 00d9 01       		.byte	0x1
 413 00da CA       		.byte	0xca
 414 00db 6B000000 		.4byte	0x6b
 415 00df 00000000 		.4byte	.LLST0
 416 00e3 00       		.byte	0
 417 00e4 07       		.uleb128 0x7
 418 00e5 4E010000 		.4byte	.LASF17
 419 00e9 01       		.byte	0x1
 420 00ea FE       		.byte	0xfe
 421 00eb 00000000 		.4byte	.LFB6
 422 00ef 0C000000 		.4byte	.LFE6-.LFB6
 423 00f3 01       		.uleb128 0x1
 424 00f4 9C       		.byte	0x9c
 425 00f5 07010000 		.4byte	0x107
 426 00f9 09       		.uleb128 0x9
 427 00fa 1D000000 		.4byte	.LASF19
 428 00fe 01       		.byte	0x1
 429 00ff FE       		.byte	0xfe
 430 0100 6B000000 		.4byte	0x6b
 431 0104 01       		.uleb128 0x1
 432 0105 50       		.byte	0x50
ARM GAS  C:\Users\kopusov.FT\AppData\Local\Temp\cchAiyoo.s 			page 14


 433 0106 00       		.byte	0
 434 0107 0A       		.uleb128 0xa
 435 0108 00000000 		.4byte	.LASF20
 436 010c 01       		.byte	0x1
 437 010d 2101     		.2byte	0x121
 438 010f 00000000 		.4byte	.LFB7
 439 0113 24000000 		.4byte	.LFE7-.LFB7
 440 0117 01       		.uleb128 0x1
 441 0118 9C       		.byte	0x9c
 442 0119 2E010000 		.4byte	0x12e
 443 011d 0B       		.uleb128 0xb
 444 011e 5F010000 		.4byte	.LASF28
 445 0122 01       		.byte	0x1
 446 0123 2301     		.2byte	0x123
 447 0125 6B000000 		.4byte	0x6b
 448 0129 21000000 		.4byte	.LLST1
 449 012d 00       		.byte	0
 450 012e 07       		.uleb128 0x7
 451 012f 9A010000 		.4byte	.LASF21
 452 0133 01       		.byte	0x1
 453 0134 E4       		.byte	0xe4
 454 0135 00000000 		.4byte	.LFB5
 455 0139 20000000 		.4byte	.LFE5-.LFB5
 456 013d 01       		.uleb128 0x1
 457 013e 9C       		.byte	0x9c
 458 013f 5C010000 		.4byte	0x15c
 459 0143 08       		.uleb128 0x8
 460 0144 81000000 		.4byte	.LASF22
 461 0148 01       		.byte	0x1
 462 0149 E4       		.byte	0xe4
 463 014a 6B000000 		.4byte	0x6b
 464 014e 58000000 		.4byte	.LLST2
 465 0152 0C       		.uleb128 0xc
 466 0153 1A000000 		.4byte	.LVL9
 467 0157 07010000 		.4byte	0x107
 468 015b 00       		.byte	0
 469 015c 07       		.uleb128 0x7
 470 015d 78010000 		.4byte	.LASF23
 471 0161 01       		.byte	0x1
 472 0162 37       		.byte	0x37
 473 0163 00000000 		.4byte	.LFB0
 474 0167 20000000 		.4byte	.LFE0-.LFB0
 475 016b 01       		.uleb128 0x1
 476 016c 9C       		.byte	0x9c
 477 016d 95010000 		.4byte	0x195
 478 0171 0D       		.uleb128 0xd
 479 0172 12000000 		.4byte	.LVL10
 480 0176 2E010000 		.4byte	0x12e
 481 017a 84010000 		.4byte	0x184
 482 017e 0E       		.uleb128 0xe
 483 017f 01       		.uleb128 0x1
 484 0180 50       		.byte	0x50
 485 0181 01       		.uleb128 0x1
 486 0182 34       		.byte	0x34
 487 0183 00       		.byte	0
 488 0184 0F       		.uleb128 0xf
 489 0185 18000000 		.4byte	.LVL11
ARM GAS  C:\Users\kopusov.FT\AppData\Local\Temp\cchAiyoo.s 			page 15


 490 0189 BF000000 		.4byte	0xbf
 491 018d 0E       		.uleb128 0xe
 492 018e 01       		.uleb128 0x1
 493 018f 50       		.byte	0x50
 494 0190 02       		.uleb128 0x2
 495 0191 74       		.byte	0x74
 496 0192 00       		.sleb128 0
 497 0193 00       		.byte	0
 498 0194 00       		.byte	0
 499 0195 07       		.uleb128 0x7
 500 0196 87000000 		.4byte	.LASF24
 501 019a 01       		.byte	0x1
 502 019b 85       		.byte	0x85
 503 019c 00000000 		.4byte	.LFB2
 504 01a0 24000000 		.4byte	.LFE2-.LFB2
 505 01a4 01       		.uleb128 0x1
 506 01a5 9C       		.byte	0x9c
 507 01a6 CD010000 		.4byte	0x1cd
 508 01aa 0C       		.uleb128 0xc
 509 01ab 0C000000 		.4byte	.LVL12
 510 01af 5C010000 		.4byte	0x15c
 511 01b3 0C       		.uleb128 0xc
 512 01b4 16000000 		.4byte	.LVL13
 513 01b8 9D000000 		.4byte	0x9d
 514 01bc 0F       		.uleb128 0xf
 515 01bd 1C000000 		.4byte	.LVL14
 516 01c1 E4000000 		.4byte	0xe4
 517 01c5 0E       		.uleb128 0xe
 518 01c6 01       		.uleb128 0x1
 519 01c7 50       		.byte	0x50
 520 01c8 02       		.uleb128 0x2
 521 01c9 08       		.byte	0x8
 522 01ca 4B       		.byte	0x4b
 523 01cb 00       		.byte	0
 524 01cc 00       		.byte	0
 525 01cd 10       		.uleb128 0x10
 526 01ce 8A010000 		.4byte	.LASF29
 527 01d2 01       		.byte	0x1
 528 01d3 1B       		.byte	0x1b
 529 01d4 6B000000 		.4byte	0x6b
 530 01d8 05       		.uleb128 0x5
 531 01d9 03       		.byte	0x3
 532 01da 00000000 		.4byte	VDAC8_1_initVar
 533 01de 00       		.byte	0
 534              		.section	.debug_abbrev,"",%progbits
 535              	.Ldebug_abbrev0:
 536 0000 01       		.uleb128 0x1
 537 0001 11       		.uleb128 0x11
 538 0002 01       		.byte	0x1
 539 0003 25       		.uleb128 0x25
 540 0004 0E       		.uleb128 0xe
 541 0005 13       		.uleb128 0x13
 542 0006 0B       		.uleb128 0xb
 543 0007 03       		.uleb128 0x3
 544 0008 0E       		.uleb128 0xe
 545 0009 1B       		.uleb128 0x1b
 546 000a 0E       		.uleb128 0xe
ARM GAS  C:\Users\kopusov.FT\AppData\Local\Temp\cchAiyoo.s 			page 16


 547 000b 55       		.uleb128 0x55
 548 000c 17       		.uleb128 0x17
 549 000d 11       		.uleb128 0x11
 550 000e 01       		.uleb128 0x1
 551 000f 10       		.uleb128 0x10
 552 0010 17       		.uleb128 0x17
 553 0011 00       		.byte	0
 554 0012 00       		.byte	0
 555 0013 02       		.uleb128 0x2
 556 0014 24       		.uleb128 0x24
 557 0015 00       		.byte	0
 558 0016 0B       		.uleb128 0xb
 559 0017 0B       		.uleb128 0xb
 560 0018 3E       		.uleb128 0x3e
 561 0019 0B       		.uleb128 0xb
 562 001a 03       		.uleb128 0x3
 563 001b 0E       		.uleb128 0xe
 564 001c 00       		.byte	0
 565 001d 00       		.byte	0
 566 001e 03       		.uleb128 0x3
 567 001f 24       		.uleb128 0x24
 568 0020 00       		.byte	0
 569 0021 0B       		.uleb128 0xb
 570 0022 0B       		.uleb128 0xb
 571 0023 3E       		.uleb128 0x3e
 572 0024 0B       		.uleb128 0xb
 573 0025 03       		.uleb128 0x3
 574 0026 08       		.uleb128 0x8
 575 0027 00       		.byte	0
 576 0028 00       		.byte	0
 577 0029 04       		.uleb128 0x4
 578 002a 16       		.uleb128 0x16
 579 002b 00       		.byte	0
 580 002c 03       		.uleb128 0x3
 581 002d 0E       		.uleb128 0xe
 582 002e 3A       		.uleb128 0x3a
 583 002f 0B       		.uleb128 0xb
 584 0030 3B       		.uleb128 0x3b
 585 0031 05       		.uleb128 0x5
 586 0032 49       		.uleb128 0x49
 587 0033 13       		.uleb128 0x13
 588 0034 00       		.byte	0
 589 0035 00       		.byte	0
 590 0036 05       		.uleb128 0x5
 591 0037 35       		.uleb128 0x35
 592 0038 00       		.byte	0
 593 0039 49       		.uleb128 0x49
 594 003a 13       		.uleb128 0x13
 595 003b 00       		.byte	0
 596 003c 00       		.byte	0
 597 003d 06       		.uleb128 0x6
 598 003e 2E       		.uleb128 0x2e
 599 003f 00       		.byte	0
 600 0040 3F       		.uleb128 0x3f
 601 0041 19       		.uleb128 0x19
 602 0042 03       		.uleb128 0x3
 603 0043 0E       		.uleb128 0xe
ARM GAS  C:\Users\kopusov.FT\AppData\Local\Temp\cchAiyoo.s 			page 17


 604 0044 3A       		.uleb128 0x3a
 605 0045 0B       		.uleb128 0xb
 606 0046 3B       		.uleb128 0x3b
 607 0047 0B       		.uleb128 0xb
 608 0048 27       		.uleb128 0x27
 609 0049 19       		.uleb128 0x19
 610 004a 11       		.uleb128 0x11
 611 004b 01       		.uleb128 0x1
 612 004c 12       		.uleb128 0x12
 613 004d 06       		.uleb128 0x6
 614 004e 40       		.uleb128 0x40
 615 004f 18       		.uleb128 0x18
 616 0050 9742     		.uleb128 0x2117
 617 0052 19       		.uleb128 0x19
 618 0053 00       		.byte	0
 619 0054 00       		.byte	0
 620 0055 07       		.uleb128 0x7
 621 0056 2E       		.uleb128 0x2e
 622 0057 01       		.byte	0x1
 623 0058 3F       		.uleb128 0x3f
 624 0059 19       		.uleb128 0x19
 625 005a 03       		.uleb128 0x3
 626 005b 0E       		.uleb128 0xe
 627 005c 3A       		.uleb128 0x3a
 628 005d 0B       		.uleb128 0xb
 629 005e 3B       		.uleb128 0x3b
 630 005f 0B       		.uleb128 0xb
 631 0060 27       		.uleb128 0x27
 632 0061 19       		.uleb128 0x19
 633 0062 11       		.uleb128 0x11
 634 0063 01       		.uleb128 0x1
 635 0064 12       		.uleb128 0x12
 636 0065 06       		.uleb128 0x6
 637 0066 40       		.uleb128 0x40
 638 0067 18       		.uleb128 0x18
 639 0068 9742     		.uleb128 0x2117
 640 006a 19       		.uleb128 0x19
 641 006b 01       		.uleb128 0x1
 642 006c 13       		.uleb128 0x13
 643 006d 00       		.byte	0
 644 006e 00       		.byte	0
 645 006f 08       		.uleb128 0x8
 646 0070 05       		.uleb128 0x5
 647 0071 00       		.byte	0
 648 0072 03       		.uleb128 0x3
 649 0073 0E       		.uleb128 0xe
 650 0074 3A       		.uleb128 0x3a
 651 0075 0B       		.uleb128 0xb
 652 0076 3B       		.uleb128 0x3b
 653 0077 0B       		.uleb128 0xb
 654 0078 49       		.uleb128 0x49
 655 0079 13       		.uleb128 0x13
 656 007a 02       		.uleb128 0x2
 657 007b 17       		.uleb128 0x17
 658 007c 00       		.byte	0
 659 007d 00       		.byte	0
 660 007e 09       		.uleb128 0x9
ARM GAS  C:\Users\kopusov.FT\AppData\Local\Temp\cchAiyoo.s 			page 18


 661 007f 05       		.uleb128 0x5
 662 0080 00       		.byte	0
 663 0081 03       		.uleb128 0x3
 664 0082 0E       		.uleb128 0xe
 665 0083 3A       		.uleb128 0x3a
 666 0084 0B       		.uleb128 0xb
 667 0085 3B       		.uleb128 0x3b
 668 0086 0B       		.uleb128 0xb
 669 0087 49       		.uleb128 0x49
 670 0088 13       		.uleb128 0x13
 671 0089 02       		.uleb128 0x2
 672 008a 18       		.uleb128 0x18
 673 008b 00       		.byte	0
 674 008c 00       		.byte	0
 675 008d 0A       		.uleb128 0xa
 676 008e 2E       		.uleb128 0x2e
 677 008f 01       		.byte	0x1
 678 0090 3F       		.uleb128 0x3f
 679 0091 19       		.uleb128 0x19
 680 0092 03       		.uleb128 0x3
 681 0093 0E       		.uleb128 0xe
 682 0094 3A       		.uleb128 0x3a
 683 0095 0B       		.uleb128 0xb
 684 0096 3B       		.uleb128 0x3b
 685 0097 05       		.uleb128 0x5
 686 0098 27       		.uleb128 0x27
 687 0099 19       		.uleb128 0x19
 688 009a 11       		.uleb128 0x11
 689 009b 01       		.uleb128 0x1
 690 009c 12       		.uleb128 0x12
 691 009d 06       		.uleb128 0x6
 692 009e 40       		.uleb128 0x40
 693 009f 18       		.uleb128 0x18
 694 00a0 9742     		.uleb128 0x2117
 695 00a2 19       		.uleb128 0x19
 696 00a3 01       		.uleb128 0x1
 697 00a4 13       		.uleb128 0x13
 698 00a5 00       		.byte	0
 699 00a6 00       		.byte	0
 700 00a7 0B       		.uleb128 0xb
 701 00a8 34       		.uleb128 0x34
 702 00a9 00       		.byte	0
 703 00aa 03       		.uleb128 0x3
 704 00ab 0E       		.uleb128 0xe
 705 00ac 3A       		.uleb128 0x3a
 706 00ad 0B       		.uleb128 0xb
 707 00ae 3B       		.uleb128 0x3b
 708 00af 05       		.uleb128 0x5
 709 00b0 49       		.uleb128 0x49
 710 00b1 13       		.uleb128 0x13
 711 00b2 02       		.uleb128 0x2
 712 00b3 17       		.uleb128 0x17
 713 00b4 00       		.byte	0
 714 00b5 00       		.byte	0
 715 00b6 0C       		.uleb128 0xc
 716 00b7 898201   		.uleb128 0x4109
 717 00ba 00       		.byte	0
ARM GAS  C:\Users\kopusov.FT\AppData\Local\Temp\cchAiyoo.s 			page 19


 718 00bb 11       		.uleb128 0x11
 719 00bc 01       		.uleb128 0x1
 720 00bd 31       		.uleb128 0x31
 721 00be 13       		.uleb128 0x13
 722 00bf 00       		.byte	0
 723 00c0 00       		.byte	0
 724 00c1 0D       		.uleb128 0xd
 725 00c2 898201   		.uleb128 0x4109
 726 00c5 01       		.byte	0x1
 727 00c6 11       		.uleb128 0x11
 728 00c7 01       		.uleb128 0x1
 729 00c8 31       		.uleb128 0x31
 730 00c9 13       		.uleb128 0x13
 731 00ca 01       		.uleb128 0x1
 732 00cb 13       		.uleb128 0x13
 733 00cc 00       		.byte	0
 734 00cd 00       		.byte	0
 735 00ce 0E       		.uleb128 0xe
 736 00cf 8A8201   		.uleb128 0x410a
 737 00d2 00       		.byte	0
 738 00d3 02       		.uleb128 0x2
 739 00d4 18       		.uleb128 0x18
 740 00d5 9142     		.uleb128 0x2111
 741 00d7 18       		.uleb128 0x18
 742 00d8 00       		.byte	0
 743 00d9 00       		.byte	0
 744 00da 0F       		.uleb128 0xf
 745 00db 898201   		.uleb128 0x4109
 746 00de 01       		.byte	0x1
 747 00df 11       		.uleb128 0x11
 748 00e0 01       		.uleb128 0x1
 749 00e1 31       		.uleb128 0x31
 750 00e2 13       		.uleb128 0x13
 751 00e3 00       		.byte	0
 752 00e4 00       		.byte	0
 753 00e5 10       		.uleb128 0x10
 754 00e6 34       		.uleb128 0x34
 755 00e7 00       		.byte	0
 756 00e8 03       		.uleb128 0x3
 757 00e9 0E       		.uleb128 0xe
 758 00ea 3A       		.uleb128 0x3a
 759 00eb 0B       		.uleb128 0xb
 760 00ec 3B       		.uleb128 0x3b
 761 00ed 0B       		.uleb128 0xb
 762 00ee 49       		.uleb128 0x49
 763 00ef 13       		.uleb128 0x13
 764 00f0 3F       		.uleb128 0x3f
 765 00f1 19       		.uleb128 0x19
 766 00f2 02       		.uleb128 0x2
 767 00f3 18       		.uleb128 0x18
 768 00f4 00       		.byte	0
 769 00f5 00       		.byte	0
 770 00f6 00       		.byte	0
 771              		.section	.debug_loc,"",%progbits
 772              	.Ldebug_loc0:
 773              	.LLST0:
 774 0000 00000000 		.4byte	.LVL0
ARM GAS  C:\Users\kopusov.FT\AppData\Local\Temp\cchAiyoo.s 			page 20


 775 0004 10000000 		.4byte	.LVL1
 776 0008 0100     		.2byte	0x1
 777 000a 50       		.byte	0x50
 778 000b 10000000 		.4byte	.LVL1
 779 000f 1C000000 		.4byte	.LFE4
 780 0013 0400     		.2byte	0x4
 781 0015 F3       		.byte	0xf3
 782 0016 01       		.uleb128 0x1
 783 0017 50       		.byte	0x50
 784 0018 9F       		.byte	0x9f
 785 0019 00000000 		.4byte	0
 786 001d 00000000 		.4byte	0
 787              	.LLST1:
 788 0021 08000000 		.4byte	.LVL3
 789 0025 0C000000 		.4byte	.LVL4
 790 0029 0300     		.2byte	0x3
 791 002b 73       		.byte	0x73
 792 002c 06       		.sleb128 6
 793 002d 9F       		.byte	0x9f
 794 002e 0C000000 		.4byte	.LVL4
 795 0032 0E000000 		.4byte	.LVL5
 796 0036 0700     		.2byte	0x7
 797 0038 73       		.byte	0x73
 798 0039 868080B8 		.sleb128 -1224736762
 798      7B
 799 003e 9F       		.byte	0x9f
 800 003f 0E000000 		.4byte	.LVL5
 801 0043 12000000 		.4byte	.LVL6
 802 0047 0700     		.2byte	0x7
 803 0049 73       		.byte	0x73
 804 004a 808080B8 		.sleb128 -1224736768
 804      7B
 805 004f 9F       		.byte	0x9f
 806 0050 00000000 		.4byte	0
 807 0054 00000000 		.4byte	0
 808              	.LLST2:
 809 0058 00000000 		.4byte	.LVL7
 810 005c 12000000 		.4byte	.LVL8
 811 0060 0100     		.2byte	0x1
 812 0062 50       		.byte	0x50
 813 0063 12000000 		.4byte	.LVL8
 814 0067 20000000 		.4byte	.LFE5
 815 006b 0400     		.2byte	0x4
 816 006d F3       		.byte	0xf3
 817 006e 01       		.uleb128 0x1
 818 006f 50       		.byte	0x50
 819 0070 9F       		.byte	0x9f
 820 0071 00000000 		.4byte	0
 821 0075 00000000 		.4byte	0
 822              		.section	.debug_aranges,"",%progbits
 823 0000 54000000 		.4byte	0x54
 824 0004 0200     		.2byte	0x2
 825 0006 00000000 		.4byte	.Ldebug_info0
 826 000a 04       		.byte	0x4
 827 000b 00       		.byte	0
 828 000c 0000     		.2byte	0
 829 000e 0000     		.2byte	0
ARM GAS  C:\Users\kopusov.FT\AppData\Local\Temp\cchAiyoo.s 			page 21


 830 0010 00000000 		.4byte	.LFB1
 831 0014 1C000000 		.4byte	.LFE1-.LFB1
 832 0018 00000000 		.4byte	.LFB3
 833 001c 1C000000 		.4byte	.LFE3-.LFB3
 834 0020 00000000 		.4byte	.LFB4
 835 0024 1C000000 		.4byte	.LFE4-.LFB4
 836 0028 00000000 		.4byte	.LFB6
 837 002c 0C000000 		.4byte	.LFE6-.LFB6
 838 0030 00000000 		.4byte	.LFB7
 839 0034 24000000 		.4byte	.LFE7-.LFB7
 840 0038 00000000 		.4byte	.LFB5
 841 003c 20000000 		.4byte	.LFE5-.LFB5
 842 0040 00000000 		.4byte	.LFB0
 843 0044 20000000 		.4byte	.LFE0-.LFB0
 844 0048 00000000 		.4byte	.LFB2
 845 004c 24000000 		.4byte	.LFE2-.LFB2
 846 0050 00000000 		.4byte	0
 847 0054 00000000 		.4byte	0
 848              		.section	.debug_ranges,"",%progbits
 849              	.Ldebug_ranges0:
 850 0000 00000000 		.4byte	.LFB1
 851 0004 1C000000 		.4byte	.LFE1
 852 0008 00000000 		.4byte	.LFB3
 853 000c 1C000000 		.4byte	.LFE3
 854 0010 00000000 		.4byte	.LFB4
 855 0014 1C000000 		.4byte	.LFE4
 856 0018 00000000 		.4byte	.LFB6
 857 001c 0C000000 		.4byte	.LFE6
 858 0020 00000000 		.4byte	.LFB7
 859 0024 24000000 		.4byte	.LFE7
 860 0028 00000000 		.4byte	.LFB5
 861 002c 20000000 		.4byte	.LFE5
 862 0030 00000000 		.4byte	.LFB0
 863 0034 20000000 		.4byte	.LFE0
 864 0038 00000000 		.4byte	.LFB2
 865 003c 24000000 		.4byte	.LFE2
 866 0040 00000000 		.4byte	0
 867 0044 00000000 		.4byte	0
 868              		.section	.debug_line,"",%progbits
 869              	.Ldebug_line0:
 870 0000 E0000000 		.section	.debug_str,"MS",%progbits,1
 870      02004400 
 870      00000201 
 870      FB0E0D00 
 870      01010101 
 871              	.LASF20:
 872 0000 56444143 		.ascii	"VDAC8_1_DacTrim\000"
 872      385F315F 
 872      44616354 
 872      72696D00 
 873              	.LASF15:
 874 0010 56444143 		.ascii	"VDAC8_1_Stop\000"
 874      385F315F 
 874      53746F70 
 874      00
 875              	.LASF19:
 876 001d 76616C75 		.ascii	"value\000"
ARM GAS  C:\Users\kopusov.FT\AppData\Local\Temp\cchAiyoo.s 			page 22


 876      6500
 877              	.LASF16:
 878 0023 56444143 		.ascii	"VDAC8_1_SetSpeed\000"
 878      385F315F 
 878      53657453 
 878      70656564 
 878      00
 879              	.LASF9:
 880 0034 666C6F61 		.ascii	"float\000"
 880      7400
 881              	.LASF1:
 882 003a 756E7369 		.ascii	"unsigned char\000"
 882      676E6564 
 882      20636861 
 882      7200
 883              	.LASF13:
 884 0048 72656738 		.ascii	"reg8\000"
 884      00
 885              	.LASF14:
 886 004d 56444143 		.ascii	"VDAC8_1_Enable\000"
 886      385F315F 
 886      456E6162 
 886      6C6500
 887              	.LASF5:
 888 005c 6C6F6E67 		.ascii	"long unsigned int\000"
 888      20756E73 
 888      69676E65 
 888      6420696E 
 888      7400
 889              	.LASF3:
 890 006e 73686F72 		.ascii	"short unsigned int\000"
 890      7420756E 
 890      7369676E 
 890      65642069 
 890      6E7400
 891              	.LASF22:
 892 0081 72616E67 		.ascii	"range\000"
 892      6500
 893              	.LASF24:
 894 0087 56444143 		.ascii	"VDAC8_1_Start\000"
 894      385F315F 
 894      53746172 
 894      7400
 895              	.LASF10:
 896 0095 646F7562 		.ascii	"double\000"
 896      6C6500
 897              	.LASF25:
 898 009c 474E5520 		.ascii	"GNU C 4.9.3 20150303 (release) [ARM/embedded-4_9-br"
 898      4320342E 
 898      392E3320 
 898      32303135 
 898      30333033 
 899 00cf 616E6368 		.ascii	"anch revision 221220] -mcpu=cortex-m3 -mthumb -g -O"
 899      20726576 
 899      6973696F 
 899      6E203232 
 899      31323230 
ARM GAS  C:\Users\kopusov.FT\AppData\Local\Temp\cchAiyoo.s 			page 23


 900 0102 67202D66 		.ascii	"g -ffunction-sections -ffat-lto-objects\000"
 900      66756E63 
 900      74696F6E 
 900      2D736563 
 900      74696F6E 
 901              	.LASF8:
 902 012a 756E7369 		.ascii	"unsigned int\000"
 902      676E6564 
 902      20696E74 
 902      00
 903              	.LASF7:
 904 0137 6C6F6E67 		.ascii	"long long unsigned int\000"
 904      206C6F6E 
 904      6720756E 
 904      7369676E 
 904      65642069 
 905              	.LASF17:
 906 014e 56444143 		.ascii	"VDAC8_1_SetValue\000"
 906      385F315F 
 906      53657456 
 906      616C7565 
 906      00
 907              	.LASF28:
 908 015f 6D6F6465 		.ascii	"mode\000"
 908      00
 909              	.LASF18:
 910 0164 73706565 		.ascii	"speed\000"
 910      6400
 911              	.LASF6:
 912 016a 6C6F6E67 		.ascii	"long long int\000"
 912      206C6F6E 
 912      6720696E 
 912      7400
 913              	.LASF23:
 914 0178 56444143 		.ascii	"VDAC8_1_Init\000"
 914      385F315F 
 914      496E6974 
 914      00
 915              	.LASF11:
 916 0185 63686172 		.ascii	"char\000"
 916      00
 917              	.LASF29:
 918 018a 56444143 		.ascii	"VDAC8_1_initVar\000"
 918      385F315F 
 918      696E6974 
 918      56617200 
 919              	.LASF21:
 920 019a 56444143 		.ascii	"VDAC8_1_SetRange\000"
 920      385F315F 
 920      53657452 
 920      616E6765 
 920      00
 921              	.LASF2:
 922 01ab 73686F72 		.ascii	"short int\000"
 922      7420696E 
 922      7400
 923              	.LASF12:
ARM GAS  C:\Users\kopusov.FT\AppData\Local\Temp\cchAiyoo.s 			page 24


 924 01b5 75696E74 		.ascii	"uint8\000"
 924      3800
 925              	.LASF4:
 926 01bb 6C6F6E67 		.ascii	"long int\000"
 926      20696E74 
 926      00
 927              	.LASF26:
 928 01c4 47656E65 		.ascii	"Generated_Source\\PSoC5\\VDAC8_1.c\000"
 928      72617465 
 928      645F536F 
 928      75726365 
 928      5C50536F 
 929              	.LASF0:
 930 01e5 7369676E 		.ascii	"signed char\000"
 930      65642063 
 930      68617200 
 931              	.LASF27:
 932 01f1 443A5C70 		.ascii	"D:\\pgm\\Cypress_dem_board\\CFP_reader\\cfp_reader\\"
 932      676D5C43 
 932      79707265 
 932      73735F64 
 932      656D5F62 
 933 0220 575F6366 		.ascii	"W_cfp_reader\\cfp_reader.cydsn\000"
 933      705F7265 
 933      61646572 
 933      5C636670 
 933      5F726561 
 934              		.ident	"GCC: (GNU Tools for ARM Embedded Processors) 4.9.3 20150303 (release) [ARM/embedded-4_9-br
